#
# There is insufficient memory for the Java Runtime Environment to continue.
# Native memory allocation (mmap) failed to map 266338304 bytes for G1 virtual space
# Possible reasons:
#   The system is out of physical RAM or swap space
#   The process is running with CompressedOops enabled, and the Java Heap may be blocking the growth of the native heap
# Possible solutions:
#   Reduce memory load on the system
#   Increase physical memory or swap space
#   Check if swap backing store is full
#   Decrease Java heap size (-Xmx/-Xms)
#   Decrease number of Java threads
#   Decrease Java thread stack sizes (-Xss)
#   Set larger code cache with -XX:ReservedCodeCacheSize=
#   JVM is running with Zero Based Compressed Oops mode in which the Java heap is
#     placed in the first 32GB address space. The Java Heap base address is the
#     maximum limit for the native heap growth. Please use -XX:HeapBaseMinAddress
#     to set the Java Heap base and to place the Java Heap above 32GB virtual address.
# This output file may be truncated or incomplete.
#
#  Out of Memory Error (os_windows.cpp:3603), pid=17852, tid=9996
#
# JRE version:  (21.0.6+8) (build )
# Java VM: Java HotSpot(TM) 64-Bit Server VM (21.0.6+8-LTS-jvmci-23.1-b55, mixed mode, emulated-client, sharing, tiered, jvmci, jvmci compiler, compressed oops, compressed class ptrs, g1 gc, windows-amd64)
# No core dump will be written. Minidumps are not enabled by default on client versions of Windows
#

---------------  S U M M A R Y ------------

Command Line: -XX:ThreadPriorityPolicy=1 -XX:+UnlockExperimentalVMOptions -XX:+EnableJVMCIProduct -XX:-UnlockExperimentalVMOptions -XX:TieredStopAtLevel=1 -Dspring.output.ansi.enabled=always -Dcom.sun.management.jmxremote -Dspring.jmx.enabled=true -Dspring.liveBeansView.mbeanDomain -Dspring.application.admin.enabled=true -Dmanagement.endpoints.jmx.exposure.include=* -javaagent:D:\ietllij\IntelliJ IDEA 2022.3.3\lib\idea_rt.jar=56021:D:\ietllij\IntelliJ IDEA 2022.3.3\bin -Dfile.encoding=UTF-8 -Dsun.stdout.encoding=UTF-8 -Dsun.stderr.encoding=UTF-8 org.example.AlzheimerClientApplication

Host: 11th Gen Intel(R) Core(TM) i5-1135G7 @ 2.40GHz, 8 cores, 15G,  Windows 10 , 64 bit Build 19041 (10.0.19041.5674)
Time: Mon Mar 31 15:33:39 2025  Windows 10 , 64 bit Build 19041 (10.0.19041.5674) elapsed time: 0.024886 seconds (0d 0h 0m 0s)

---------------  T H R E A D  ---------------

Current thread (0x00000208e693e7d0):  JavaThread "Unknown thread" [_thread_in_vm, id=9996, stack(0x0000009cda400000,0x0000009cda500000) (1024K)]

Stack: [0x0000009cda400000,0x0000009cda500000]
Native frames: (J=compiled Java code, j=interpreted, Vv=VM code, C=native code)
V  [jvm.dll+0x6d4029]
V  [jvm.dll+0x85e8a1]
V  [jvm.dll+0x860dce]
V  [jvm.dll+0x8614a3]
V  [jvm.dll+0x27dfb6]
V  [jvm.dll+0x6d07a5]
V  [jvm.dll+0x6c532a]
V  [jvm.dll+0x353c2a]
V  [jvm.dll+0x35b886]
V  [jvm.dll+0x3ae1ee]
V  [jvm.dll+0x3ae498]
V  [jvm.dll+0x327fac]
V  [jvm.dll+0x328b0b]
V  [jvm.dll+0x827c59]
V  [jvm.dll+0x3baed1]
V  [jvm.dll+0x810fa8]
V  [jvm.dll+0x45009e]
V  [jvm.dll+0x451c91]
C  [jli.dll+0x52a3]
C  [ucrtbase.dll+0x21bb2]
C  [KERNEL32.DLL+0x17374]
C  [ntdll.dll+0x4cc91]


---------------  P R O C E S S  ---------------

Threads class SMR info:
_java_thread_list=0x00007ffa389c5c08, length=0, elements={
}

Java Threads: ( => current thread )
Total: 0

Other Threads:
  0x00000208e69a2a00 WorkerThread "GC Thread#0"                     [id=18280, stack(0x0000009cda500000,0x0000009cda600000) (1024K)]
  0x00000208e69b3730 ConcurrentGCThread "G1 Main Marker"            [id=4792, stack(0x0000009cda600000,0x0000009cda700000) (1024K)]
  0x00000208e69b48e0 WorkerThread "G1 Conc#0"                       [id=3732, stack(0x0000009cda700000,0x0000009cda800000) (1024K)]

[error occurred during error reporting (printing all threads), id 0xc0000005, EXCEPTION_ACCESS_VIOLATION (0xc0000005) at pc=0x00007ffa3812a717]
VM state: not at safepoint (not fully initialized)

VM Mutex/Monitor currently owned by a thread:  ([mutex/lock_event])
[0x00007ffa38a36ff8] Heap_lock - owner thread: 0x00000208e693e7d0

Heap address: 0x0000000703600000, size: 4042 MB, Compressed Oops mode: Zero based, Oop shift amount: 3

CDS archive(s) mapped at: [0x0000000000000000-0x0000000000000000-0x0000000000000000), size 0, SharedBaseAddress: 0x0000000800000000, ArchiveRelocationMode: 1.
Narrow klass base: 0x0000000000000000, Narrow klass shift: 0, Narrow klass range: 0x0

GC Precious Log:
 CardTable entry size: 512
 Card Set container configuration: InlinePtr #cards 4 size 8 Array Of Cards #cards 16 size 48 Howl #buckets 8 coarsen threshold 3686 Howl Bitmap #cards 512 size 80 coarsen threshold 460 Card regions per heap region 1 cards per card region 4096

Heap:
 garbage-first heap   total 0K, used 0K [0x0000000703600000, 0x0000000800000000)
  region size 2048K, 0 young (0K), 0 survivors (0K)

[error occurred during error reporting (printing heap information), id 0xc0000005, EXCEPTION_ACCESS_VIOLATION (0xc0000005) at pc=0x00007ffa3851cff9]
GC Heap History (0 events):
No events

Dll operation events (1 events):
Event: 0.016 Loaded shared library C:\Users\lenovo\.jdks\graalvm-jdk-21.0.6\bin\java.dll

Deoptimization events (0 events):
No events

Classes loaded (0 events):
No events

Classes unloaded (0 events):
No events

Classes redefined (0 events):
No events

Internal exceptions (0 events):
No events

ZGC Phase Switch (0 events):
No events

VM Operations (0 events):
No events

Events (0 events):
No events


Dynamic libraries:
0x00007ff605cc0000 - 0x00007ff605cd0000 	C:\Users\lenovo\.jdks\graalvm-jdk-21.0.6\bin\java.exe
0x00007ffae1250000 - 0x00007ffae1448000 	C:\WINDOWS\SYSTEM32\ntdll.dll
0x00007ffadf9b0000 - 0x00007ffadfa72000 	C:\WINDOWS\System32\KERNEL32.DLL
0x00007ffade9b0000 - 0x00007ffadeca6000 	C:\WINDOWS\System32\KERNELBASE.dll
0x00007ffadecb0000 - 0x00007ffadedb0000 	C:\WINDOWS\System32\ucrtbase.dll
0x00007ffad4760000 - 0x00007ffad4779000 	C:\Users\lenovo\.jdks\graalvm-jdk-21.0.6\bin\jli.dll
0x00007ffad4740000 - 0x00007ffad475b000 	C:\Users\lenovo\.jdks\graalvm-jdk-21.0.6\bin\VCRUNTIME140.dll
0x00007ffae0610000 - 0x00007ffae06c1000 	C:\WINDOWS\System32\ADVAPI32.dll
0x00007ffae0570000 - 0x00007ffae060e000 	C:\WINDOWS\System32\msvcrt.dll
0x00007ffae08f0000 - 0x00007ffae098f000 	C:\WINDOWS\System32\sechost.dll
0x00007ffadf320000 - 0x00007ffadf443000 	C:\WINDOWS\System32\RPCRT4.dll
0x00007ffadf060000 - 0x00007ffadf087000 	C:\WINDOWS\System32\bcrypt.dll
0x00007ffadf450000 - 0x00007ffadf5ed000 	C:\WINDOWS\System32\USER32.dll
0x00007ffadf030000 - 0x00007ffadf052000 	C:\WINDOWS\System32\win32u.dll
0x00007ffae11e0000 - 0x00007ffae120b000 	C:\WINDOWS\System32\GDI32.dll
0x00007ffadf090000 - 0x00007ffadf1aa000 	C:\WINDOWS\System32\gdi32full.dll
0x00007ffabf000000 - 0x00007ffabf29a000 	C:\WINDOWS\WinSxS\amd64_microsoft.windows.common-controls_6595b64144ccf1df_6.0.19041.4355_none_60b8b9eb71f62e16\COMCTL32.dll
0x00007ffadef10000 - 0x00007ffadefad000 	C:\WINDOWS\System32\msvcp_win.dll
0x00007ffacde30000 - 0x00007ffacde3a000 	C:\WINDOWS\SYSTEM32\VERSION.dll
0x00007ffadf980000 - 0x00007ffadf9af000 	C:\WINDOWS\System32\IMM32.DLL
0x00007ffad9b80000 - 0x00007ffad9b8c000 	C:\Users\lenovo\.jdks\graalvm-jdk-21.0.6\bin\vcruntime140_1.dll
0x00007ffaad030000 - 0x00007ffaad0be000 	C:\Users\lenovo\.jdks\graalvm-jdk-21.0.6\bin\msvcp140.dll
0x00007ffa37df0000 - 0x00007ffa38b13000 	C:\Users\lenovo\.jdks\graalvm-jdk-21.0.6\bin\server\jvm.dll
0x00007ffae06d0000 - 0x00007ffae073b000 	C:\WINDOWS\System32\WS2_32.dll
0x00007ffadde60000 - 0x00007ffaddeab000 	C:\WINDOWS\SYSTEM32\POWRPROF.dll
0x00007ffad29d0000 - 0x00007ffad29f7000 	C:\WINDOWS\SYSTEM32\WINMM.dll
0x00007ffaddcd0000 - 0x00007ffaddce2000 	C:\WINDOWS\SYSTEM32\UMPDC.dll
0x00007ffadc730000 - 0x00007ffadc742000 	C:\WINDOWS\SYSTEM32\kernel.appcore.dll
0x00007ffad4730000 - 0x00007ffad473a000 	C:\Users\lenovo\.jdks\graalvm-jdk-21.0.6\bin\jimage.dll
0x00007ffad5060000 - 0x00007ffad5244000 	C:\WINDOWS\SYSTEM32\DBGHELP.DLL
0x00007fface080000 - 0x00007fface0b4000 	C:\WINDOWS\SYSTEM32\dbgcore.DLL
0x00007ffade8d0000 - 0x00007ffade952000 	C:\WINDOWS\System32\bcryptPrimitives.dll
0x00007ffacc7a0000 - 0x00007ffacc7af000 	C:\Users\lenovo\.jdks\graalvm-jdk-21.0.6\bin\instrument.dll
0x00007ffab3980000 - 0x00007ffab399f000 	C:\Users\lenovo\.jdks\graalvm-jdk-21.0.6\bin\java.dll

dbghelp: loaded successfully - version: 4.0.5 - missing functions: none
symbol engine: initialized successfully - sym options: 0x614 - pdb path: .;C:\Users\lenovo\.jdks\graalvm-jdk-21.0.6\bin;C:\WINDOWS\SYSTEM32;C:\WINDOWS\WinSxS\amd64_microsoft.windows.common-controls_6595b64144ccf1df_6.0.19041.4355_none_60b8b9eb71f62e16;C:\Users\lenovo\.jdks\graalvm-jdk-21.0.6\bin\server

VM Arguments:
jvm_args: -XX:ThreadPriorityPolicy=1 -XX:+UnlockExperimentalVMOptions -XX:+EnableJVMCIProduct -XX:-UnlockExperimentalVMOptions -XX:TieredStopAtLevel=1 -Dspring.output.ansi.enabled=always -Dcom.sun.management.jmxremote -Dspring.jmx.enabled=true -Dspring.liveBeansView.mbeanDomain -Dspring.application.admin.enabled=true -Dmanagement.endpoints.jmx.exposure.include=* -javaagent:D:\ietllij\IntelliJ IDEA 2022.3.3\lib\idea_rt.jar=56021:D:\ietllij\IntelliJ IDEA 2022.3.3\bin -Dfile.encoding=UTF-8 -Dsun.stdout.encoding=UTF-8 -Dsun.stderr.encoding=UTF-8 
java_command: org.example.AlzheimerClientApplication
java_class_path (initial): C:\Users\lenovo\Desktop\AlzheimerPlatform\AlzheimerPlatform\AlzheimerClient\target\classes;D:\Maven\apache-maven-3.6.3\repo\org\springframework\boot\spring-boot-starter-web\3.1.3\spring-boot-starter-web-3.1.3.jar;D:\Maven\apache-maven-3.6.3\repo\org\springframework\boot\spring-boot-starter\3.1.3\spring-boot-starter-3.1.3.jar;D:\Maven\apache-maven-3.6.3\repo\org\springframework\boot\spring-boot\3.1.3\spring-boot-3.1.3.jar;D:\Maven\apache-maven-3.6.3\repo\org\springframework\boot\spring-boot-starter-logging\3.1.3\spring-boot-starter-logging-3.1.3.jar;D:\Maven\apache-maven-3.6.3\repo\ch\qos\logback\logback-classic\1.4.11\logback-classic-1.4.11.jar;D:\Maven\apache-maven-3.6.3\repo\ch\qos\logback\logback-core\1.4.11\logback-core-1.4.11.jar;D:\Maven\apache-maven-3.6.3\repo\org\apache\logging\log4j\log4j-to-slf4j\2.20.0\log4j-to-slf4j-2.20.0.jar;D:\Maven\apache-maven-3.6.3\repo\org\apache\logging\log4j\log4j-api\2.20.0\log4j-api-2.20.0.jar;D:\Maven\apache-maven-3.6.3\repo\org\slf4j\jul-to-slf4j\2.0.7\jul-to-slf4j-2.0.7.jar;D:\Maven\apache-maven-3.6.3\repo\jakarta\annotation\jakarta.annotation-api\2.1.1\jakarta.annotation-api-2.1.1.jar;D:\Maven\apache-maven-3.6.3\repo\org\springframework\spring-core\6.0.11\spring-core-6.0.11.jar;D:\Maven\apache-maven-3.6.3\repo\org\springframework\spring-jcl\6.0.11\spring-jcl-6.0.11.jar;D:\Maven\apache-maven-3.6.3\repo\org\yaml\snakeyaml\1.33\snakeyaml-1.33.jar;D:\Maven\apache-maven-3.6.3\repo\org\springframework\boot\spring-boot-starter-json\3.1.3\spring-boot-starter-json-3.1.3.jar;D:\Maven\apache-maven-3.6.3\repo\com\fasterxml\jackson\datatype\jackson-datatype-jdk8\2.15.2\jackson-datatype-jdk8-2.15.2.jar;D:\Maven\apache-maven-3.6.3\repo\com\fasterxml\jackson\datatype\jackson-datatype-jsr310\2.15.2\jackson-datatype-jsr310-2.15.2.jar;D:\Maven\apache-maven-3.6.3\repo\com\fasterxml\jackson\module\jackson-module-parameter-names\2.15.2\jackson-module-parameter-names-2.15.2.jar;D:\Maven\apache-maven-3.6.3\repo\org\springframework\boot\spring-boot-starter-tomcat\3.1.3\spring-boot-starter-tomcat-3.1.3.jar;D:\Maven\apache-maven-3.6.3\repo\org\apache\tomcat\embed\tomcat-embed-core\10.1.12\tomcat-embed-core-10.1.12.jar;D:\Maven\apache-maven-3.6.3\repo\org\apache\tomcat\embed\tomcat-embed-el\10.1.12\tomcat-embed-el-10.1.12.jar;D:\Maven\apache-maven-3.6.3\repo\org\apache\tomcat\embed\tomcat-embed-websocket\10.1.12\tomcat-embed-websocket-10.1.12.jar;D:\Maven\apache-maven-3.6.3\repo\org\springframework\spring-web\6.0.11\spring-web-6.0.11.jar;D:\Maven\apache-maven-3.6.3\repo\org\springframework\spring-beans\6.0.11\spring-beans-6.0.11.jar;D:\Maven\apache-maven-3.6.3\repo\io\micrometer\micrometer-observation\1.11.3\micrometer-observation-1.11.3.jar;D:\Maven\apache-maven-3.6.3\repo\io\micrometer\micrometer-commons\1.11.3\micrometer-commons-1.11.3.jar;D:\Maven\apache-maven-3.6.3\repo\org\springframework\spring-webmvc\6.0.11\spring-webmvc-6.0.11.jar;D:\Maven\apache-maven-3.6.3\repo\org\springframework\spring-aop\6.0.11\spring-aop-6.0.11.jar;D:\Maven\apache-maven-3.6.3\repo\org\springframework\spring-context\6.0.11\spring-context-6.0.11.jar;D:\Maven\apache-maven-3.6.3\repo\org\springframework\spring-expression\6.0.11\spring-expression-6.0.11.jar;D:\Maven\apache-maven-3.6.3\repo\org\springframework\boot\spring-boot-starter-jdbc\3.1.3\spring-boot-starter-jdbc-3.1.3.jar;D:\Maven\apache-maven-3.6.3\repo\com\zaxxer\HikariCP\5.0.1\HikariCP-5.0.1.jar;D:\Maven\apache-maven-3.6.3\repo\org\springframework\spring-jdbc\6.0.11\spring-jdbc-6.0.11.jar;D:\Maven\apache-maven-3.6.3\repo\org\springframework\spring-tx\6.0.11\spring-tx-6.0.11.jar;D:\Maven\apache-maven-3.6.3\repo\com\baomidou\mybatis-plus-boot-starter\3.5.3.1\mybatis-plus-boot-starter-3.5.3.1.jar;D:\Maven\apache-maven-3.6.3\repo\com\baomidou\mybatis-plus\3.5.3.1\mybatis-plus-3.5.3.1.jar;D:\Maven\apache-maven-3.6.3\repo\com\baomidou\mybatis-plus-extension\3.5.3.1\mybatis-plus-extension-3.5.3.1.jar;D:\Maven\apache-maven-3.6.3\repo\com\baomidou\mybatis-plus-core\3.5.3.1\mybatis-plus-core-3.5.3.1.jar;D:\Maven\apache-maven-3.6.3\repo\com\baomidou\mybatis-plus-annotation\3.5.3.1\mybatis-plus-annotation-3.5.3.1.jar;D:\Maven\apache-maven-3.6.3\repo\com\github\jsqlparser\jsqlparser\4.4\jsqlparser-4.4.jar;D:\Maven\apache-maven-3.6.3\repo\org\mybatis\mybatis\3.5.10\mybatis-3.5.10.jar;D:\Maven\apache-maven-3.6.3\repo\org\mybatis\mybatis-spring\2.0.7\mybatis-spring-2.0.7.jar;D:\Maven\apache-maven-3.6.3\repo\org\springframework\boot\spring-boot-autoconfigure\3.1.3\spring-boot-autoconfigure-3.1.3.jar;D:\Maven\apache-maven-3.6.3\repo\com\alibaba\druid-spring-boot-starter\1.2.8\druid-spring-boot-starter-1.2.8.jar;D:\Maven\apache-maven-3.6.3\repo\com\alibaba\druid\1.2.8\druid-1.2.8.jar;D:\Maven\apache-maven-3.6.3\repo\javax\annotation\javax.annotation-api\1.3.2\javax.annotation-api-1.3.2.jar;D:\Maven\apache-maven-3.6.3\repo\org\slf4j\slf4j-api\2.0.7\slf4j-api-2.0.7.jar;D:\Maven\apache-maven-3.6.3\repo\com\mysql\mysql-connector-j\8.0.33\mysql-connector-j-8.0.33.jar;D:\Maven\apache-maven-3.6.3\repo\com\google\protobuf\protobuf-java\3.21.9\protobuf-java-3.21.9.jar;D:\Maven\apache-maven-3.6.3\repo\org\springframework\boot\spring-boot-starter-data-redis\3.1.3\spring-boot-starter-data-redis-3.1.3.jar;D:\Maven\apache-maven-3.6.3\repo\org\springframework\data\spring-data-redis\3.1.3\spring-data-redis-3.1.3.jar;D:\Maven\apache-maven-3.6.3\repo\org\springframework\data\spring-data-keyvalue\3.1.3\spring-data-keyvalue-3.1.3.jar;D:\Maven\apache-maven-3.6.3\repo\org\springframework\data\spring-data-commons\3.1.3\spring-data-commons-3.1.3.jar;D:\Maven\apache-maven-3.6.3\repo\org\springframework\spring-oxm\6.0.11\spring-oxm-6.0.11.jar;D:\Maven\apache-maven-3.6.3\repo\org\springframework\spring-context-support\6.0.11\spring-context-support-6.0.11.jar;D:\Maven\apache-maven-3.6.3\repo\io\lettuce\lettuce-core\6.2.6.RELEASE\lettuce-core-6.2.6.RELEASE.jar;D:\Maven\apache-maven-3.6.3\repo\io\netty\netty-common\4.1.97.Final\netty-common-4.1.97.Final.jar;D:\Maven\apache-maven-3.6.3\repo\io\netty\netty-handler\4.1.97.Final\netty-handler-4.1.97.Final.jar;D:\Maven\apache-maven-3.6.3\repo\io\netty\netty-resolver\4.1.97.Final\netty-resolver-4.1.97.Final.jar;D:\Maven\apache-maven-3.6.3\repo\io\netty\netty-buffer\4.1.97.Final\netty-buffer-4.1.97.Final.jar;D:\Maven\apache-maven-3.6.3\repo\io\netty\netty-transport-native-unix-common\4.1.97.Final\netty-transport-native-unix-common-4.1.97.Final.jar;D:\Maven\apache-maven-3.6.3\repo\io\netty\netty-codec\4.1.97.Final\netty-codec-4.1.97.Final.jar;D:\Maven\apache-maven-3.6.3\repo\io\netty\netty-transport\4.1.97.Final\netty-transport-4.1.97.Final.jar;D:\Maven\apache-maven-3.6.3\repo\io\projectreactor\reactor-core\3.5.9\reactor-core-3.5.9.jar;D:\Maven\apache-maven-3.6.3\repo\org\reactivestreams\reactive-streams\1.0.4\reactive-streams-1.0.4.jar;D:\Maven\apache-maven-3.6.3\repo\org\apache\commons\commons-lang3\3.12.0\commons-lang3-3.12.0.jar;D:\Maven\apache-maven-3.6.3\repo\commons-io\commons-io\2.11.0\commons-io-2.11.0.jar;D:\Maven\apache-maven-3.6.3\repo\com\alibaba\fastjson2\fastjson2\2.0.43\fastjson2-2.0.43.jar;D:\Maven\apache-maven-3.6.3\repo\org\projectlombok\lombok\1.18.34\lombok-1.18.34.jar;D:\Maven\apache-maven-3.6.3\repo\jakarta\validation\jakarta.validation-api\3.0.2\jakarta.validation-api-3.0.2.jar;D:\Maven\apache-maven-3.6.3\repo\com\auth0\java-jwt\4.4.0\java-jwt-4.4.0.jar;D:\Maven\apache-maven-3.6.3\repo\com\fasterxml\jackson\core\jackson-databind\2.15.2\jackson-databind-2.15.2.jar;D:\Maven\apache-maven-3.6.3\repo\com\fasterxml\jackson\core\jackson-annotations\2.15.2\jackson-annotations-2.15.2.jar;D:\Maven\apache-maven-3.6.3\repo\com\fasterxml\jackson\core\jackson-core\2.15.2\jackson-core-2.15.2.jar
Launcher Type: SUN_STANDARD

[Global flags]
     intx CICompilerCount                          = 4                                         {product} {ergonomic}
     uint ConcGCThreads                            = 2                                         {product} {ergonomic}
     bool EnableJVMCIProduct                       = true                                {JVMCI product} {jimage}
     uint G1ConcRefinementThreads                  = 8                                         {product} {ergonomic}
   size_t G1HeapRegionSize                         = 2097152                                   {product} {ergonomic}
    uintx GCDrainStackTargetSize                   = 64                                        {product} {ergonomic}
   size_t InitialHeapSize                          = 266338304                                 {product} {ergonomic}
     bool ManagementServer                         = true                                      {product} {command line}
   size_t MarkStackSize                            = 4194304                                   {product} {ergonomic}
   size_t MaxHeapSize                              = 4238344192                                {product} {ergonomic}
   size_t MinHeapDeltaBytes                        = 2097152                                   {product} {ergonomic}
   size_t MinHeapSize                              = 8388608                                   {product} {ergonomic}
    uintx NonNMethodCodeHeapSize                   = 4096                                   {pd product} {ergonomic}
    uintx NonProfiledCodeHeapSize                  = 0                                      {pd product} {ergonomic}
     bool ProfileInterpreter                       = false                                  {pd product} {command line}
    uintx ProfiledCodeHeapSize                     = 0                                      {pd product} {ergonomic}
   size_t SoftMaxHeapSize                          = 4238344192                             {manageable} {ergonomic}
      int ThreadPriorityPolicy                     = 1                                         {product} {jimage}
     intx TieredStopAtLevel                        = 1                                         {product} {command line}
     bool UseCompressedOops                        = true                           {product lp64_product} {ergonomic}
     bool UseG1GC                                  = true                                      {product} {ergonomic}
     bool UseLargePagesIndividualAllocation        = false                                  {pd product} {ergonomic}

Logging:
Log output configuration:
 #0: stdout all=warning uptime,level,tags foldmultilines=false
 #1: stderr all=off uptime,level,tags foldmultilines=false

Environment Variables:
JAVA_HOME=C:\Program Files\Java\jdk1.8.0_201
CLASSPATH=.;C:\Program Files\Java\jdk1.8.0_201\lib\dt.jar;C:\Program Files\Java\jdk1.8.0_201\lib\tools.jar;
PATH=D:\Maven\apache-maven-3.6.3\bin;D:\Oracle\bin;C:\OracleDatabase\bin;D:\app\lenovo\product\11.2.0\dbhome_1\bin;C:\windows\system32;C:\windows;C:\windows\System32\Wbem;D:\node\node_global;C:\Program Files\Java\jdk1.8.0_201\bin;%NODE_HOME%;%NODE_HOME%\node_cache;%NODE_HOME%\node_global;D:\node;D:\git\Git;D:\git\Git\mingw64\bin;D:\git\Git\ming264\libexec\git-core;E:\sqlmapproject-sqlmap-5bd0f20;c:\windows\system32;C:\Program Files\dotnet\;%MAVEN_HOME%\;in;C:\Program Files\MongoDB\Server\7.0\bin;"C:\tomcat\lib;C:\tomcat\bin";D:\mysql-8.0.32-winx64\bin;D:\微信开发者工具 1.06.2301040\34\微信web开发者工具\dll;D:\nvm;%N;M_SYMLINK%;C:\gradle-8.9-bin\gradle-8.9\bin;D:\nvm\v16.14.2\node_global\node_modules;D:\nvm\v16.14.2\node_global;D:\nvm\v16.14.2;C:\Program Files\Git\cmd;C:\Users\lenovo\AppData\Local\Microsoft\WindowsApps;C:\Users\lenovo\AppData\Local\Programs\Microsoft VS Code\bin;C:\Program Files\JetBrains\IntelliJ IDEA Community Edition 2022.3.3\bin;;D:\ietllij\IntelliJ IDEA 2022.3.3\bin;;C:\Users\lenovo\AppData\Local\GitHubDesktop\bin;C:\Program Files\Java\jdk1.8.0_201\bin;C:\Program Files\Java\jdk1.8.0_201\jre\bin;C:\Program Files\JetBrains\PyCharm 2024.1.1\bin;;%DevEco Studio%;C:\Users\lenovo\AppData\Local\Microsoft\WinGet\Links;node_global;D:\nvm\v16.14.2\node_global\node_modules;D:\nvm;D:\nvmfornode;D:\nvm\v16.14.2\node_global;in;D:\cursor\resources\app\bin
USERNAME=lenovo
OS=Windows_NT
PROCESSOR_IDENTIFIER=Intel64 Family 6 Model 140 Stepping 1, GenuineIntel
TMP=C:\Users\lenovo\AppData\Local\Temp
TEMP=C:\Users\lenovo\AppData\Local\Temp




Periodic native trim disabled

---------------  S Y S T E M  ---------------

OS:
 Windows 10 , 64 bit Build 19041 (10.0.19041.5674)
OS uptime: 0 days 2:24 hours

CPU: total 8 (initial active 8) (4 cores per cpu, 2 threads per core) family 6 model 140 stepping 1 microcode 0x86, cx8, cmov, fxsr, ht, mmx, 3dnowpref, sse, sse2, sse3, ssse3, sse4.1, sse4.2, popcnt, lzcnt, tsc, tscinvbit, avx, avx2, aes, erms, clmul, bmi1, bmi2, adx, avx512f, avx512dq, avx512cd, avx512bw, avx512vl, sha, fma, vzeroupper, avx512_vpopcntdq, avx512_vpclmulqdq, avx512_vaes, avx512_vnni, clflush, clflushopt, clwb, avx512_vbmi2, avx512_vbmi, rdtscp, rdpid, fsrm, gfni, avx512_bitalg, f16c, pku, cet_ibt, cet_ss, avx512_ifma
Processor Information for all 8 processors :
  Max Mhz: 2419, Current Mhz: 2419, Mhz Limit: 2419

Memory: 4k page, system-wide physical 16167M (3334M free)
TotalPageFile size 22567M (AvailPageFile size 217M)
current process WorkingSet (physical memory assigned to process): 10M, peak: 10M
current process commit charge ("private bytes"): 55M, peak: 309M

vm_info: Java HotSpot(TM) 64-Bit Server VM (21.0.6+8-LTS-jvmci-23.1-b55) for windows-amd64 JRE (21.0.6+8-LTS-jvmci-23.1-b55), built on 2024-12-05T09:18:12Z by "OCIWIN30Buildbot" with MS VC++ 17.6 (VS2022)

END.
